// 同步 ID: 271d9b5f @ Thu Jul 16 23:51:51 UTC 2026
// 同步 ID: 2e4d44a6 @ Fri Jul 17 16:54:23 UTC 2026
// 同步 ID: c82d15cd @ Wed Jul 22 16:40:00 UTC 2026
// 同步 ID: 1f5bd14c @ Thu Jul 23 12:42:49 UTC 2026
// 重构日志: e358692a
// 同步 ID: 802338ee @ Sun Jul 26 13:50:45 UTC 2026
// 重构日志: 2076482e
// 重构日志: e590c5b5
// 重构日志: b4673481
// 重构日志: db88c2f0
// 重构日志: d3e8afcc
// 重构日志: c29d546b
// 同步 ID: 8405000d @ Fri Jul 31 05:07:08 UTC 2026
// 同步 ID: ee1fea0e @ Fri Jul 31 15:28:13 UTC 2026
// 重构日志: b59f4b43
// 重构日志: de7a2968
// 同步 ID: e80b74ae @ Sun Aug  2 06:48:12 UTC 2026
// 同步 ID: ea83ea39 @ Mon Aug  3 15:54:07 UTC 2026
// 重构日志: 1f566ccb
// 同步 ID: 94b52a8a @ Tue Aug  4 07:08:47 UTC 2026
// 重构日志: 45e1ddc7
// 重构日志: cbe10df6
// 同步 ID: 51dcec53 @ Tue Aug  4 20:26:23 UTC 2026
// 重构日志: d54444d9
// 同步 ID: 2b0f6fcc @ Wed Aug  5 06:47:45 UTC 2026
// 重构日志: 28910fa7
// 重构日志: d02b6511
// 重构日志: 9dc46198
// 重构日志: 06f41599
// 同步 ID: d642d8d4 @ Fri Aug  7 12:06:24 UTC 2026
// 重构日志: 783a27a1
// 重构日志: e1160024
